// Jest Snapshot v1, https://goo.gl/fbAQLP

exports[`App renders the app correctly 1`] = `
<BrowserRouter>
  <div
    className="App"
  >
    <Navbar
      bg="light"
      collapseOnSelect={false}
      expand="lg"
      variant="light"
    >
      <Container
        fluid={false}
      >
        <Link
          to="/"
        >
          <NavbarBrand>
            <img
              alt="Localsearch logo"
              className="d-inline-block align-top"
              height="30"
              src="https://www.localsearch.ch/files/upload/469_22ad1521ca.svg"
              width="115"
            />
            Assessment
          </NavbarBrand>
        </Link>
        <NavbarToggle
          aria-controls="basic-navbar-nav"
          label="Toggle navigation"
        />
        <NavbarCollapse
          id="basic-navbar-nav"
        >
          <Nav
            className="mr-auto"
            fill={false}
            justify={false}
          >
            <Link
              to="/places"
            >
              <NavItem>
                Places
              </NavItem>
            </Link>
          </Nav>
        </NavbarCollapse>
      </Container>
    </Navbar>
    <Container
      className="mt-5"
      fluid={false}
    >
      <Switch>
        <Route
          component={[Function]}
          exact={true}
          path="/"
        />
        <Route
          component={[Function]}
          exact={true}
          path="/places"
        />
        <Route
          component={[Function]}
          exact={true}
          path="/places/:id"
        />
        <Route
          component={[Function]}
          exact={true}
          path="/*"
        />
      </Switch>
    </Container>
  </div>
</BrowserRouter>
`;
